I'm sorry, but errors were detected in your script. Please correct the
errors listed below, and try again.


File "game/script.rpy", line 5: expected expression
    define p = 
               ^

Ren'Py Version: Ren'Py 8.2.1.24030407
Wed May 22 13:40:49 2024
